// Jest Snapshot v1, https://goo.gl/fbAQLP

exports[`should render the analytics panel card component 1`] = `undefined`;
