// Jest Snapshot v1, https://goo.gl/fbAQLP

exports[`should render the template card component 1`] = `undefined`;
